---
source: src/render.rs
assertion_line: 1166
expression: terminal.backend()
---
"                                                                                          "
"                                   Zz!                              !      ?              "
"                                                                                          "
"                                                                                          "
"                                                                                          "
"                                                                                          "
"                                                                                          "
"                                                                                          "
"            ▄▄                     ▄▄                                                     "
"           ▀▀▀                  ▄▀▀▀▀▀                           ▄▀▀▄   ▄▀▀▄              "
"           ▀▀                   ▀▀▀▀▀                            ▀▀▀▀   ▀▀▀▀              "
