---
source: src/render.rs
assertion_line: 551
expression: terminal.backend()
---
"                       Zz               "
"    ▄▀▀▄            ▄▀▀▄                "
"    ▀▀▀▀            ▀▀▀▀                "
"                                        "
"                                        "
"                                        "
"backend-api                             "
