---
source: src/render.rs
assertion_line: 762
expression: terminal.backend()
---
"                                                            "
"                                                !           "
"                                                            "
"                                                            "
"                                                            "
"                                                            "
"                                                            "
"                                                            "
"                                                            "
"                                         ▄▀▀ ▄▀▀▄           "
"                                         ▀▀▀ ▀▀▀▀           "
