---
source: src/render.rs
expression: terminal.backend()
---
"                                        "
"       Zz              Zz            +7z"
"                                        "
"                                        "
"                                        "
"                                        "
"                                        "
"     ▄▄              ▄▄              ▄▄ "
"    ▀▀▀▀            ▀▀▀▀            ▀▀▀▀"
"     ▀▀              ▀▀              ▀▀ "
"                                        "
