---
source: src/render.rs
assertion_line: 499
expression: terminal.backend()
---
"                                                            "
"                         !                                  "
"                                                            "
"    ▄▀▀▄              ▄▀▀▄                                  "
"    ▀▀▀▀              ▀▀▀▀                                  "
"                                                            "
