---
source: src/render.rs
assertion_line: 448
expression: terminal.backend()
---
"       Zz                              !               !               ?                  "
"    ▄▀▀▄            ▄▀▀▄            ▄▀▀▄            ▄▀▀▄            ▄▀▀▄                  "
"    ▀▀▀▀            ▀▀▀▀            ▀▀▀▀            ▀▀▀▀            ▀▀▀▀                  "
"                                                                                          "
"                                                                                          "
"                                                                                          "
