---
source: src/render.rs
assertion_line: 460
expression: terminal.backend()
---
"       Zz              Zz            +7z"
"    ▄▀▀▄            ▄▀▀▄            ▄▀▀▄"
"    ▀▀▀▀            ▀▀▀▀            ▀▀▀▀"
"                                        "
"                                        "
"                                        "
