---
source: src/render.rs
assertion_line: 670
expression: terminal.backend()
---
"                                   Zz!                              !      ?              "
"                                                                                          "
"                                                                                          "
"                                                                                          "
"                                                                                          "
"                                                                                          "
"                                                                                          "
"                                   ▄▄                                                     "
"           ▄▀▀                  ▄▀▀▀▀▀                           ▄▀▀▄   ▄▀▀▄              "
"           ▀▀▀                  ▀▀▀▀▀                            ▀▀▀▀   ▀▀▀▀              "
"                                                                                          "
