---
source: src/render.rs
assertion_line: 474
expression: terminal.backend()
---
"                                        "
"       Zz              Zz            +7z"
"                                        "
"    ▄▀▀▄            ▄▀▀▄            ▄▀▀▄"
"    ▀▀▀▀            ▀▀▀▀            ▀▀▀▀"
"                                        "
